exports[`InfiniteHits accepts a itemComponent prop 1`] = `
 {
  "0": Object {
    "attribs": Object {},
    "children": Array [
      Object {
        "attribs": Object {
          "class": "root",
        },
        "children": Array [
          Object {
            "attribs": Object {},
            "children": Array [],
            "name": "hit",
            "next": Object {
              "attribs": Object {},
              "children": Array [],
              "name": "hit",
              "next": Object {
                "attribs": Object {},
                "children": Array [],
                "name": "hit",
                "next": Object {
                  "attribs": Object {},
                  "children": Array [
                    Object {
                      "data": "Load more",
                      "next": null,
                      "parent": [Circular],
                      "prev": null,
                      "type": "text",
                    },
                  ],
                  "name": "button",
                  "next": null,
                  "parent": [Circular],
                  "prev": [Circular],
                  "type": "tag",
                },
                "parent": [Circular],
                "prev": [Circular],
                "type": "tag",
              },
              "parent": [Circular],
              "prev": [Circular],
              "type": "tag",
            },
            "parent": [Circular],
            "prev": null,
            "type": "tag",
          },
          Object {
            "attribs": Object {},
            "children": Array [],
            "name": "hit",
            "next": Object {
              "attribs": Object {},
              "children": Array [],
              "name": "hit",
              "next": Object {
                "attribs": Object {},
                "children": Array [
                  Object {
                    "data": "Load more",
                    "next": null,
                    "parent": [Circular],
                    "prev": null,
                    "type": "text",
                  },
                ],
                "name": "button",
                "next": null,
                "parent": [Circular],
                "prev": [Circular],
                "type": "tag",
              },
              "parent": [Circular],
              "prev": [Circular],
              "type": "tag",
            },
            "parent": [Circular],
            "prev": Object {
              "attribs": Object {},
              "children": Array [],
              "name": "hit",
              "next": [Circular],
              "parent": [Circular],
              "prev": null,
              "type": "tag",
            },
            "type": "tag",
          },
          Object {
            "attribs": Object {},
            "children": Array [],
            "name": "hit",
            "next": Object {
              "attribs": Object {},
              "children": Array [
                Object {
                  "data": "Load more",
                  "next": null,
                  "parent": [Circular],
                  "prev": null,
                  "type": "text",
                },
              ],
              "name": "button",
              "next": null,
              "parent": [Circular],
              "prev": [Circular],
              "type": "tag",
            },
            "parent": [Circular],
            "prev": Object {
              "attribs": Object {},
              "children": Array [],
              "name": "hit",
              "next": [Circular],
              "parent": [Circular],
              "prev": Object {
                "attribs": Object {},
                "children": Array [],
                "name": "hit",
                "next": [Circular],
                "parent": [Circular],
                "prev": null,
                "type": "tag",
              },
              "type": "tag",
            },
            "type": "tag",
          },
          Object {
            "attribs": Object {},
            "children": Array [
              Object {
                "data": "Load more",
                "next": null,
                "parent": [Circular],
                "prev": null,
                "type": "text",
              },
            ],
            "name": "button",
            "next": null,
            "parent": [Circular],
            "prev": Object {
              "attribs": Object {},
              "children": Array [],
              "name": "hit",
              "next": [Circular],
              "parent": [Circular],
              "prev": Object {
                "attribs": Object {},
                "children": Array [],
                "name": "hit",
                "next": [Circular],
                "parent": [Circular],
                "prev": Object {
                  "attribs": Object {},
                  "children": Array [],
                  "name": "hit",
                  "next": [Circular],
                  "parent": [Circular],
                  "prev": null,
                  "type": "tag",
                },
                "type": "tag",
              },
              "type": "tag",
            },
            "type": "tag",
          },
        ],
        "name": "div",
        "next": null,
        "parent": null,
        "prev": null,
        "root": [Circular],
        "type": "tag",
      },
    ],
    "name": "root",
    "next": null,
    "parent": null,
    "prev": null,
    "type": "root",
  },
  "_root": [Circular],
  "length": 1,
  "options": Object {
    "decodeEntities": true,
    "normalizeWhitespace": false,
    "withDomLvl1": true,
    "xmlMode": false,
  },
}
`;
